// Jest Snapshot v1, https://goo.gl/fbAQLP

exports[`MovementForm component Matches the snapshot 1`] = `
<form
  className="MovementForm"
  noValidate={true}
  onSubmit={[Function]}
>
  <div
    className="MovementForm__inputs"
  >
    <div
      className="MovementForm__inputs-basic"
    >
      <input
        className="input form-control"
        name="name"
        onChange={[Function]}
        placeholder="Nombre"
        type="text"
        value=""
      />
      <input
        className="input form-control"
        min="0"
        name="amount"
        onChange={[Function]}
        placeholder="Importe"
        type="number"
        value="0"
      />
      <select
        className="select form-control"
        name="type"
        onChange={[Function]}
        value={-1}
      >
        <option
          value=""
        >
          Tipo
        </option>
        <option
          value="1"
        >
          Gasto
        </option>
        <option
          value="0"
        >
          Ingreso
        </option>
      </select>
      <select
        className="select form-control"
        name="frequencyType"
        onChange={[Function]}
        value={-1}
      >
        <option
          value=""
        >
          Frecuencia
        </option>
        <option
          value="0"
        >
          Sin frecuencia
        </option>
        <option
          value="1"
        >
          Mensual
        </option>
        <option
          value="2"
        >
          Anual
        </option>
        <option
          value="3"
        >
          Personalizada
        </option>
      </select>
    </div>
    <div
      className="MovementForm__inputs-months"
    />
  </div>
  <button
    className="MovementForm__save button"
    type="submit"
  >
    Guardar
  </button>
  <button
    className="MovementForm__cancel button"
    onClick={[Function]}
  >
    Cancelar
  </button>
</form>
`;
